
OpenSBI v0.5 (Dec 13 2019 21:44:52)
   ____                    _____ ____ _____
  / __ \                  / ____|  _ \_   _|
 | |  | |_ __   ___ _ __ | (___ | |_) || |
 | |  | | '_ \ / _ \ '_ \ \___ \|  _ < | |
 | |__| | |_) |  __/ | | |____) | |_) || |_
  \____/| .__/ \___|_| |_|_____/|____/_____|
        | |
        |_|

Platform Name          : Dromajo
Platform HART Features : RV64ACDFIMSU
Platform Max HARTs     : 4
Current Hart           : 0
Firmware Base          : 0x80000000
Firmware Size          : 84 KB
Runtime SBI Version    : 0.2

PMP0: 0x0000000080000000-0x000000008001ffff (A)
PMP1: 0x0000000000000000-0x000001ffffffffff (A,R,W,X)
[    0.000000] OF: fdt: Ignoring memory range 0x80000000 - 0x80200000
[    0.000000] Linux version 5.3.0 (tommy@aws) (gcc version 9.2.0 (GCC)) #1 SMP Fri Dec 13 21:42:28 UTC 2019
[    0.000000] initrd not found or empty - disabling initrd
[    0.000000] Zone ranges:
[    0.000000]   DMA32    [mem 0x0000000080200000-0x00000000bfffffff]
[    0.000000]   Normal   empty
[    0.000000] Movable zone start for each node
[    0.000000] Early memory node ranges
[    0.000000]   node   0: [mem 0x0000000080200000-0x00000000bfffffff]
[    0.000000] Initmem setup node 0 [mem 0x0000000080200000-0x00000000bfffffff]
[    0.000000] software IO TLB: mapped [mem 0xbb1fe000-0xbf1fe000] (64MB)
[    0.000000] elf_hwcap is 0x112d
[    0.000000] percpu: Embedded 13 pages/cpu s23776 r0 d29472 u53248
[    0.000000] Built 1 zonelists, mobility grouping on.  Total pages: 258055
[    0.000000] Kernel command line: root=/dev/generic-blkdef rw
[    0.000000] Dentry cache hash table entries: 131072 (order: 8, 1048576 bytes, linear)
[    0.000000] Inode-cache hash table entries: 65536 (order: 7, 524288 bytes, linear)
[    0.000000] Sorting __ex_table...
[    0.000000] mem auto-init: stack:off, heap alloc:off, heap free:off
[    0.000000] Memory: 959288K/1046528K available (1777K kernel code, 135K rwdata, 493K rodata, 2747K init, 217K bss, 87240K reserved, 0K cma-reserved)
[    0.000000] SLUB: HWalign=64, Order=0-3, MinObjects=0, CPUs=1, Nodes=1
[    0.000000] rcu: Hierarchical RCU implementation.
[    0.000000] rcu: 	RCU restricting CPUs from NR_CPUS=8 to nr_cpu_ids=1.
[    0.000000] rcu: RCU calculated value of scheduler-enlistment delay is 25 jiffies.
[    0.000000] rcu: Adjusting geometry for rcu_fanout_leaf=16, nr_cpu_ids=1
[    0.000000] NR_IRQS: 0, nr_irqs: 0, preallocated irqs: 0
[    0.000000] plic: mapped 31 interrupts with 1 handlers for 2 contexts.
[    0.000000] riscv_timer_init_dt: Registering clocksource cpuid [0] hartid [0]
[    0.000000] clocksource: riscv_clocksource: mask: 0xffffffffffffffff max_cycles: 0x24e6a1710, max_idle_ns: 440795202120 ns
[    0.000024] sched_clock: 64 bits at 10MHz, resolution 100ns, wraps every 4398046511100ns
[    0.009011] printk: console [hvc0] enabled
[    0.009252] Calibrating delay loop (skipped), value calculated using timer frequency.. 20.00 BogoMIPS (lpj=40000)
[    0.009759] pid_max: default: 32768 minimum: 301
[    0.010415] Mount-cache hash table entries: 2048 (order: 2, 16384 bytes, linear)
[    0.010804] Mountpoint-cache hash table entries: 2048 (order: 2, 16384 bytes, linear)
[    0.014062] rcu: Hierarchical SRCU implementation.
[    0.014862] smp: Bringing up secondary CPUs ...
[    0.015096] smp: Brought up 1 node, 1 CPU
[    0.016150] devtmpfs: initialized
[    0.016754] clocksource: jiffies: mask: 0xffffffff max_cycles: 0xffffffff, max_idle_ns: 7645041785100000 ns
[    0.017234] futex hash table entries: 256 (order: 2, 16384 bytes, linear)
[    0.024411] vgaarb: loaded
[    0.024830] clocksource: Switched to clocksource riscv_clocksource
[    0.026780] thermal_sys: Registered thermal governor 'step_wise'
[    0.026795] thermal_sys: Registered thermal governor 'user_space'
[    0.027138] PCI: CLS 0 bytes, default 64
[    0.570910] workingset: timestamp_bits=62 max_order=18 bucket_order=0
[    0.658824] io scheduler mq-deadline registered
[    0.659053] io scheduler kyber registered
[    0.725401] random: get_random_bytes called from init_oops_id+0x22/0x2c with crng_init=0
[    0.731276] Freeing unused kernel memory: 2744K
[    0.731503] This architecture does not have kernel memory protection.
[    0.731816] Run /init as init process
mount: mounting sysfs on /sys failed: No such device
Starting syslogd: OK
Starting klogd: OK
Running sysctl: OK
Initializing random number generator... [    0.922686] random: dd: uninitialized urandom read (512 bytes read)
done.
Starting network: ip: socket: Function not implemented
ip: socket: Function not implemented
FAIL

Welcome to Dromajo Buildroot
buildroot login: 